(base) jack@jack-Desktop:~/Desktop/SITE/lbry-react/JUPYTER$ locate Xindex.html
/home/jack/.local/share/Trash/files/DOCKER/Xindex.html
/home/jack/.local/share/Trash/files/DOCKER (copy 1)/Xindex.html
/home/jack/Desktop/INFO/DOCKER/Xindex.html
/home/jack/Desktop/SITE/lbry-react/DOCKER/Xindex.html
/home/jack/Desktop/Xlbry-react/lbry-react/DOCKER/Xindex.html
/home/jack/Desktop/lbry-react/lbry-react/DOCKER/Xindex.html
(base) jack@jack-Desktop:~/Desktop/SITE/lbry-react/JUPYTER$ rm /home/jack/Desktop/SITE/lbry-react/DOCKER/Xindex.html
(base) jack@jack-Desktop:~/Desktop/SITE/lbry-react/JUPYTER$ $JUPYTER_CONFIG_DIR
(base) jack@jack-Desktop:~/Desktop/SITE/lbry-react/JUPYTER$ echo $JUPYTER_CONFIG_DIR

(base) jack@jack-Desktop:~/Desktop/SITE/lbry-react/JUPYTER$ FindWord
FindWord: command not found
(base) jack@jack-Desktop:~/Desktop/SITE/lbry-react/JUPYTER$ Findword
Traceback (most recent call last):
  File "/usr/local/bin/Findword", line 2, in <module>
    rootdir = arg1
NameError: name 'arg1' is not defined
(base) jack@jack-Desktop:~/Desktop/SITE/lbry-react/JUPYTER$ Findword ~/Desktop python
Traceback (most recent call last):
  File "/usr/local/bin/Findword", line 2, in <module>
    rootdir = arg1
NameError: name 'arg1' is not defined
(base) jack@jack-Desktop:~/Desktop/SITE/lbry-react/JUPYTER$ Findword '~/Desktop' 'python'
Traceback (most recent call last):
  File "/usr/local/bin/Findword", line 2, in <module>
    rootdir = arg1
NameError: name 'arg1' is not defined
(base) jack@jack-Desktop:~/Desktop/SITE/lbry-react/JUPYTER$ Findword '~/Desktop' 'python'
Traceback (most recent call last):
  File "/usr/local/bin/Findword", line 2, in <module>
    rootdir = argv[1]
NameError: name 'argv' is not defined
(base) jack@jack-Desktop:~/Desktop/SITE/lbry-react/JUPYTER$ Findword '~/Desktop' 'python'
Traceback (most recent call last):
  File "/usr/local/bin/Findword", line 2, in <module>
    rootdir = argv[1]
NameError: name 'argv' is not defined
(base) jack@jack-Desktop:~/Desktop/SITE/lbry-react/JUPYTER$ Findword '~/Desktop' 'python'

_________________

lbry Command Completed
(base) jack@jack-Desktop:~/Desktop/SITE/lbry-react/JUPYTER$ cd ..
(base) jack@jack-Desktop:~/Desktop/SITE/lbry-react$ git add .
(base) jack@jack-Desktop:~/Desktop/SITE/lbry-react$ git commit -m "update"
[main 367bcc82] update
 297 files changed, 289743 insertions(+), 5 deletions(-)
 create mode 100644 LUA/.ipynb_checkpoints/Lua-Manifest-Sqlite-Database-checkpoint.ipynb
 create mode 100644 LUA/.ipynb_checkpoints/Lua-Tour-checkpoint.ipynb
 create mode 100644 LUA/.ipynb_checkpoints/Untitled-checkpoint.ipynb
 create mode 100644 LUA/.ipynb_checkpoints/Untitled1-checkpoint.ipynb
 create mode 100644 LUA/.ipynb_checkpoints/xeus-lua-notebook-checkpoint.ipynb
 create mode 100644 LUA/BrynMawrCollege/.ipynb_checkpoints/Animations in Matplotlib-checkpoint.ipynb
 create mode 100644 LUA/BrynMawrCollege/Activity Magic.ipynb
 create mode 100644 LUA/BrynMawrCollege/Animations in Matplotlib.ipynb
 create mode 100644 LUA/BrynMawrCollege/Assignment1F2015.pptx
 create mode 100644 LUA/BrynMawrCollege/Bouncing Ball to Angry Birds.ipynb
 create mode 100644 LUA/BrynMawrCollege/Calico Document Tools and Bibtex.ipynb
 create mode 100644 LUA/BrynMawrCollege/Canvas Experiments.ipynb
 create mode 100644 LUA/BrynMawrCollege/Dec8.ipynb
 create mode 100644 LUA/BrynMawrCollege/Divide and Conquer Strategies slides.html
 create mode 100644 LUA/BrynMawrCollege/Divide and Conquer Strategies slides_files/MathJax.js
 create mode 100644 LUA/BrynMawrCollege/Divide and Conquer Strategies slides_files/custom.html
 create mode 100644 LUA/BrynMawrCollege/Divide and Conquer Strategies slides_files/font-awesome.css
 create mode 100644 LUA/BrynMawrCollege/Divide and Conquer Strategies slides_files/head.js
 create mode 100644 LUA/BrynMawrCollege/Divide and Conquer Strategies slides_files/jquery.js
 create mode 100644 LUA/BrynMawrCollege/Divide and Conquer Strategies slides_files/notes.js
 create mode 100644 LUA/BrynMawrCollege/Divide and Conquer Strategies slides_files/processing.js
 create mode 100644 LUA/BrynMawrCollege/Divide and Conquer Strategies slides_files/require.js
 create mode 100644 LUA/BrynMawrCollege/Divide and Conquer Strategies slides_files/reveal.css
 create mode 100644 LUA/BrynMawrCollege/Divide and Conquer Strategies slides_files/reveal.js
 create mode 100644 LUA/BrynMawrCollege/Divide and Conquer Strategies slides_files/simple.css
 create mode 100644 LUA/BrynMawrCollege/Dot Test.ipynb
 create mode 100644 LUA/BrynMawrCollege/Ebola Outbreak 2014.ipynb
 create mode 100644 LUA/BrynMawrCollege/Experiments with Squares.ipynb
 create mode 100644 LUA/BrynMawrCollege/Figure Numbers.ipynb
 create mode 100644 LUA/BrynMawrCollege/Figure Numbers.ipynb.raw
 create mode 100644 LUA/BrynMawrCollege/First Sketches.ipynb
 create mode 100644 LUA/BrynMawrCollege/Google Chart in Eval and Python.ipynb
 create mode 100644 LUA/BrynMawrCollege/Google Chart in Scheme.ipynb
 create mode 100644 LUA/BrynMawrCollege/Graphics Testing.ipynb
 create mode 100644 LUA/BrynMawrCollege/HC JupyterHub Dicussion.ipynb
 create mode 100644 LUA/BrynMawrCollege/HourOfCodePlusPlus.ipynb
 create mode 100644 LUA/BrynMawrCollege/How To Give a Great Talk.ipynb
 create mode 100644 LUA/BrynMawrCollege/In class Activity Sep 7.ipynb
 create mode 100644 LUA/BrynMawrCollege/JavaArraysAndSorting.ipynb
 create mode 100644 LUA/BrynMawrCollege/Javascript P5 Tests.ipynb
 create mode 100644 LUA/BrynMawrCollege/Jupyter Help.ipynb
 create mode 100644 LUA/BrynMawrCollege/Jupyter Magics.ipynb
 create mode 100644 LUA/BrynMawrCollege/Jupyter Notebook Users Manual.ipynb
 create mode 100644 LUA/BrynMawrCollege/Jupyter Notebooks.ipynb
 create mode 100644 LUA/BrynMawrCollege/Jupyter Visualizations.ipynb
 create mode 100644 LUA/BrynMawrCollege/KerasActFuns.ipynb
 create mode 100644 LUA/BrynMawrCollege/Laura's Foot.ipynb
 create mode 100644 LUA/BrynMawrCollege/Learning in Noise.ipynb
 create mode 100644 LUA/BrynMawrCollege/Lookup with dicts.ipynb
 create mode 100644 LUA/BrynMawrCollege/Mathematical Functions.ipynb
 create mode 100644 LUA/BrynMawrCollege/Network Layering.ipynb
 create mode 100644 LUA/BrynMawrCollege/Nim Tests.ipynb
 create mode 100644 LUA/BrynMawrCollege/Object Oriented Programming.ipynb
 create mode 100644 LUA/BrynMawrCollege/Online Python Tutor.ipynb
 create mode 100644 LUA/BrynMawrCollege/P5 Exploration.ipynb
 create mode 100644 LUA/BrynMawrCollege/Parameterized Drawing.ipynb
 create mode 100644 LUA/BrynMawrCollege/Photoshop-like Functions.ipynb
 create mode 100644 LUA/BrynMawrCollege/Plot Results.ipynb
 create mode 100644 LUA/BrynMawrCollege/Presidential Forecast.ipynb
 create mode 100644 LUA/BrynMawrCollege/Quantum Visualization.ipynb
 create mode 100644 LUA/BrynMawrCollege/Recurrent Neural Networks with Word Embeddings.ipynb
 create mode 100644 LUA/BrynMawrCollege/Robot Control.ipynb
 create mode 100644 LUA/BrynMawrCollege/Skulpt Processing Tests, Color.ipynb
 create mode 100644 LUA/BrynMawrCollege/Skulpt Processing Tests, ProcessingPy.ipynb
 create mode 100644 LUA/BrynMawrCollege/Skulpt Processing Tests, Shape.ipynb
 create mode 100644 LUA/BrynMawrCollege/Skulpt Python Examples.ipynb
 create mode 100644 LUA/BrynMawrCollege/Sonification.ipynb
 create mode 100644 LUA/BrynMawrCollege/Sound Processing.ipynb
 create mode 100644 LUA/BrynMawrCollege/Start with Evolution.ipynb
 create mode 100644 LUA/BrynMawrCollege/State of Mind.ipynb
 create mode 100644 LUA/BrynMawrCollege/TellingStoriesWithJupyter.ipynb
 create mode 100644 LUA/BrynMawrCollege/Testing P5 in Javascript.ipynb
 create mode 100644 LUA/BrynMawrCollege/Thermometer Encoding.ipynb
 create mode 100644 LUA/BrynMawrCollege/Untitled.ipynb
 create mode 100644 LUA/BrynMawrCollege/Untitled1.ipynb
 create mode 100644 LUA/BrynMawrCollege/Untitled21.ipynb
 create mode 100644 LUA/BrynMawrCollege/Vertexes, Shapes, and Rotation.ipynb
 create mode 100644 LUA/BrynMawrCollege/Visualization.ipynb
 create mode 100644 LUA/BrynMawrCollege/Widget Tests.ipynb
 create mode 100644 LUA/BrynMawrCollege/XOR with Theano.ipynb
 create mode 100644 LUA/BrynMawrCollege/arrete_toute_de_suite.mpga
 create mode 100644 LUA/BrynMawrCollege/background_3.jpg
 create mode 100644 LUA/BrynMawrCollege/bot1.svg
 create mode 100644 LUA/BrynMawrCollege/dblank.html
 create mode 100644 LUA/BrynMawrCollege/double_pendulum.mp4
 create mode 100644 LUA/BrynMawrCollege/drawLeaf.ipynb
 create mode 100644 LUA/BrynMawrCollege/example.html
 create mode 100644 LUA/BrynMawrCollege/jupyter.cs.html
 create mode 100644 LUA/BrynMawrCollege/nasa climate data four.csv
 create mode 100644 LUA/BrynMawrCollege/nbgrader_template.ipynb
 create mode 100644 LUA/BrynMawrCollege/notebook-slideshow-example.ipynb
 create mode 100644 LUA/BrynMawrCollege/pixels.html
 create mode 100644 LUA/BrynMawrCollege/pixels.xml
 create mode 100644 LUA/BrynMawrCollege/qimessaging.js
 create mode 100644 LUA/BrynMawrCollege/sine_wave.gif
 create mode 100644 LUA/BrynMawrCollege/untitled.txt
 create mode 100644 LUA/BrynMawrCollege/video.mp4
 create mode 100644 LUA/BrynMawrCollege/visualize.py
 create mode 100644 "LUA/Lua \342\200\224 Coding Style.html"
 create mode 100644 "LUA/Lua \342\200\224 Coding Style_files/doctools.js"
 create mode 100644 "LUA/Lua \342\200\224 Coding Style_files/documentation_options.js"
 create mode 100644 "LUA/Lua \342\200\224 Coding Style_files/ethicalads.min.js"
 create mode 100644 "LUA/Lua \342\200\224 Coding Style_files/jquery.js"
 create mode 100644 "LUA/Lua \342\200\224 Coding Style_files/language_data.js"
 create mode 100644 "LUA/Lua \342\200\224 Coding Style_files/modernizr.min.js"
 create mode 100644 "LUA/Lua \342\200\224 Coding Style_files/pygments.css"
 create mode 100644 "LUA/Lua \342\200\224 Coding Style_files/readthedocs-analytics.js"
 create mode 100644 "LUA/Lua \342\200\224 Coding Style_files/readthedocs-data.js"
 create mode 100644 "LUA/Lua \342\200\224 Coding Style_files/readthedocs-doc-embed.css"
 create mode 100644 "LUA/Lua \342\200\224 Coding Style_files/readthedocs-doc-embed.js"
 create mode 100644 "LUA/Lua \342\200\224 Coding Style_files/saved_resource"
 create mode 100644 "LUA/Lua \342\200\224 Coding Style_files/saved_resource(1)"
 create mode 100644 "LUA/Lua \342\200\224 Coding Style_files/saved_resource(2)"
 create mode 100644 "LUA/Lua \342\200\224 Coding Style_files/sticker-wtd-colors-240-180_b9300nU.png"
 create mode 100644 "LUA/Lua \342\200\224 Coding Style_files/theme.css"
 create mode 100644 "LUA/Lua \342\200\224 Coding Style_files/theme.js"
 create mode 100644 "LUA/Lua \342\200\224 Coding Style_files/underscore.js"
 create mode 100644 LUA/Lua-Manifest-Sqlite-Database.ipynb
 create mode 100644 LUA/Lua-Tour.ipynb
 create mode 100644 "LUA/Project Structure \342\200\224 Coding Style.html"
 create mode 100644 "LUA/Project Structure \342\200\224 Coding Style_files/doctools.js"
 create mode 100644 "LUA/Project Structure \342\200\224 Coding Style_files/documentation_options.js"
 create mode 100644 "LUA/Project Structure \342\200\224 Coding Style_files/ethicalads.min.js"
 create mode 100644 "LUA/Project Structure \342\200\224 Coding Style_files/jquery.js"
 create mode 100644 "LUA/Project Structure \342\200\224 Coding Style_files/language_data.js"
 create mode 100644 "LUA/Project Structure \342\200\224 Coding Style_files/modernizr.min.js"
 create mode 100644 "LUA/Project Structure \342\200\224 Coding Style_files/pygments.css"
 create mode 100644 "LUA/Project Structure \342\200\224 Coding Style_files/readthedocs-analytics.js"
 create mode 100644 "LUA/Project Structure \342\200\224 Coding Style_files/readthedocs-data.js"
 create mode 100644 "LUA/Project Structure \342\200\224 Coding Style_files/readthedocs-doc-embed.css"
 create mode 100644 "LUA/Project Structure \342\200\224 Coding Style_files/readthedocs-doc-embed.js"
 create mode 100644 "LUA/Project Structure \342\200\224 Coding Style_files/saved_resource"
 create mode 100644 "LUA/Project Structure \342\200\224 Coding Style_files/saved_resource(1)"
 create mode 100644 "LUA/Project Structure \342\200\224 Coding Style_files/sticker-wtd-colors-240-180_b9300nU.png"
 create mode 100644 "LUA/Project Structure \342\200\224 Coding Style_files/theme.css"
 create mode 100644 "LUA/Project Structure \342\200\224 Coding Style_files/theme.js"
 create mode 100644 "LUA/Project Structure \342\200\224 Coding Style_files/underscore.js"
 create mode 100644 LUA/Untitled.ipynb
 create mode 100644 LUA/Untitled1.ipynb
 create mode 100644 LUA/Xeus-notebooks/.ipynb_checkpoints/game_of_life-checkpoint.ipynb
 create mode 100644 LUA/Xeus-notebooks/.ipynb_checkpoints/io-checkpoint.ipynb
 create mode 100644 LUA/Xeus-notebooks/.ipynb_checkpoints/test-checkpoint.txt
 create mode 100644 LUA/Xeus-notebooks/.ipynb_checkpoints/time-checkpoint.ipynb
 create mode 100644 LUA/Xeus-notebooks/.ipynb_checkpoints/widgets-checkpoint.ipynb
 create mode 100644 LUA/Xeus-notebooks/.ipynb_checkpoints/xcanvas-checkpoint.ipynb
 create mode 100644 LUA/Xeus-notebooks/Big.Buck.Bunny.mp4
 create mode 100644 LUA/Xeus-notebooks/game_of_life.ipynb
 create mode 100644 LUA/Xeus-notebooks/hehe.flac
 create mode 100644 LUA/Xeus-notebooks/io.ipynb
 create mode 100644 LUA/Xeus-notebooks/logo.svg
 create mode 100644 LUA/Xeus-notebooks/marie.png
 create mode 100644 LUA/Xeus-notebooks/test.txt
 create mode 100644 LUA/Xeus-notebooks/time.ipynb
 create mode 100644 LUA/Xeus-notebooks/tour.ipynb
 create mode 100644 LUA/Xeus-notebooks/widgets.ipynb
 create mode 100644 LUA/Xeus-notebooks/xcanvas.ipynb
 create mode 100644 LUA/Xeus-notebooks/xeus-lua.ipynb
 create mode 100644 LUA/char-rnn/.gitignore
 create mode 100644 LUA/char-rnn/Adjusting-Parameters1531707352615317073526.ipynb
 create mode 100644 LUA/char-rnn/Alice/input.txt
 create mode 100644 LUA/char-rnn/Alice_.dat
 create mode 100644 LUA/char-rnn/BASEalice.lua
 create mode 100644 LUA/char-rnn/BASEalice2.db
 create mode 100644 LUA/char-rnn/BASEalice2.lua
 create mode 100644 LUA/char-rnn/BASEalice2.txt
 create mode 100644 LUA/char-rnn/Last-GRU-network-loss-1.5859-plot-for-Directory-Alice_2019-1128133327.png
 create mode 100644 LUA/char-rnn/Last-GRU-network-loss-1.5862-plot-for-Directory-Alice_2019-1128221425.png
 create mode 100644 LUA/char-rnn/Last-GRU-network-loss-1.5866-plot-for-Directory-Alice_2019-1128075324.png
 create mode 100644 LUA/char-rnn/Last-GRU-network-loss-1.5869-plot-for-Directory-Alice_2019-1128134544.png
 create mode 100644 LUA/char-rnn/Last-GRU-network-loss-1.5869-plot-for-Directory-Alice_2019-1128134716.png
 create mode 100644 LUA/char-rnn/Last-GRU-network-loss-1.5903-plot-for-Directory-Alice_2019-1128061839.png
 create mode 100644 LUA/char-rnn/Last-GRU-network-loss-1.6169-plot-for-Directory-Alice_2019-1128002933.png
 create mode 100644 LUA/char-rnn/Last-GRU-network-loss-1.6176-plot-for-Directory-Alice_2019-1128003916.png
 create mode 100644 LUA/char-rnn/Last-GRU-network-loss-1.6199-plot-for-Directory-Alice_2019-1128003521.png
 create mode 100644 LUA/char-rnn/Last-GRU-network-loss-1.6392-plot-for-Directory-Alice_2018-0729134053.png
 create mode 100644 LUA/char-rnn/Last-GRU-network-loss-1.7520-plot-for-Directory-Alice_2018-0729125647.png
 create mode 100644 LUA/char-rnn/Last-GRU-network-loss-1.8713-plot-for-Directory-Alice_2018-0729122539.png
 create mode 100644 LUA/char-rnn/Last-GRU-network-loss-1.9040-plot-for-Directory-Alice_2018-0729122312.png
 create mode 100644 LUA/char-rnn/Last-GRU-network-loss-1.9040-plot-for-Directory-Alice_2018-0729122330.png
 create mode 100644 LUA/char-rnn/Last-GRU-network-loss-1.9469-plot-for-Directory-Alice_2018-0729122032.png
 create mode 100644 LUA/char-rnn/Last-GRU-network-loss-1.9850-plot-for-Directory-Alice_2019-1127200759.png
 create mode 100644 LUA/char-rnn/Last-GRU-network-loss-1.9850-plot-for-Directory-Alice_2019-1127200934.png
 create mode 100644 LUA/char-rnn/Last-GRU-network-loss-2.0971-plot-for-Directory-Alice_2019-1127195515.png
 create mode 100644 LUA/char-rnn/PLOTS_FROM_DataBase-npy-Training-lua.ipynb
 create mode 100644 LUA/char-rnn/Plotbot-extended.ipynb
 create mode 100644 LUA/char-rnn/Python
 create mode 100644 LUA/char-rnn/Readme.md
 create mode 100644 LUA/char-rnn/TIPs.txt
 create mode 100644 LUA/char-rnn/Title-Sign-Post.ipynb
 create mode 100644 LUA/char-rnn/convert_gpu_cpu_checkpoint.lua
 create mode 100644 LUA/char-rnn/cv_.dat
 create mode 100644 LUA/char-rnn/data/tinyshakespeare/input.txt
 create mode 100644 LUA/char-rnn/inspect_checkpoint.lua
 create mode 100644 LUA/char-rnn/mkplot.py
 create mode 100644 LUA/char-rnn/mktext-file.py
 create mode 100644 LUA/char-rnn/mktext-n-plot.py
 create mode 100644 LUA/char-rnn/mktext.py
 create mode 100644 LUA/char-rnn/model/GRU.lua
 create mode 100644 LUA/char-rnn/model/LSTM.lua
 create mode 100644 LUA/char-rnn/model/RNN.lua
 create mode 100644 LUA/char-rnn/plot.lua
 create mode 100644 LUA/char-rnn/queen.txt
 create mode 100644 LUA/char-rnn/sample.lua
 create mode 100644 LUA/char-rnn/sample0.lua
 create mode 100644 LUA/char-rnn/seedata.lua
 create mode 100644 LUA/char-rnn/test.lua
 create mode 100644 LUA/char-rnn/test.txt
 create mode 100644 LUA/char-rnn/test001.lua
 create mode 100644 LUA/char-rnn/test2.txt
 create mode 100644 LUA/char-rnn/train.lua
 create mode 100644 LUA/char-rnn/untitled.lua
 create mode 100644 LUA/char-rnn/untitled2.lua
 create mode 100644 LUA/char-rnn/util/CharSplitLMMinibatchLoader.lua
 create mode 100644 LUA/char-rnn/util/OneHot.lua
 create mode 100644 LUA/char-rnn/util/misc.lua
 create mode 100644 LUA/char-rnn/util/model_utils.lua
 create mode 100644 LUA/index.html
 create mode 100644 LUA/luapath.info
 create mode 100644 LUA/luarocks-MODULES-documentation.html
 create mode 100644 LUA/luarocks-MODULES-documentation_files/ldoc.css
 create mode 100644 LUA/luarocks.db
 create mode 100644 LUA/luarocks.list
 create mode 100644 LUA/widgets.ipynb
 create mode 100644 LUA/xeus-lua-main/.github/ISSUE_TEMPLATE.md
 create mode 100644 LUA/xeus-lua-main/.github/workflows/main.yml
 create mode 100644 LUA/xeus-lua-main/.gitignore
 create mode 100644 LUA/xeus-lua-main/CMakeLists.txt
 create mode 100644 LUA/xeus-lua-main/CONTRIBUTING.md
 create mode 100644 LUA/xeus-lua-main/LICENSE
 create mode 100644 LUA/xeus-lua-main/README.md
 create mode 100644 LUA/xeus-lua-main/binder-logo.svg
 create mode 100644 LUA/xeus-lua-main/cmake/FindLuaJIT.cmake
 create mode 100644 LUA/xeus-lua-main/cmake_emscripten/FindLua.cmake
 create mode 100644 LUA/xeus-lua-main/docs/Doxyfile
 create mode 100644 LUA/xeus-lua-main/docs/Makefile
 create mode 100644 LUA/xeus-lua-main/docs/environment.yml
 create mode 100644 LUA/xeus-lua-main/docs/make.bat
 create mode 100644 LUA/xeus-lua-main/docs/source/_static/main_stylesheet.css
 create mode 100644 LUA/xeus-lua-main/docs/source/buffers.gif
 create mode 100644 LUA/xeus-lua-main/docs/source/cmake.svg
 create mode 100644 LUA/xeus-lua-main/docs/source/completion.gif
 create mode 100644 LUA/xeus-lua-main/docs/source/conda.svg
 create mode 100644 LUA/xeus-lua-main/docs/source/conf.py
 create mode 100644 LUA/xeus-lua-main/docs/source/dev-build-options.rst
 create mode 100644 LUA/xeus-lua-main/docs/source/display.gif
 create mode 100644 LUA/xeus-lua-main/docs/source/error.gif
 create mode 100644 LUA/xeus-lua-main/docs/source/execute.gif
 create mode 100644 LUA/xeus-lua-main/docs/source/index.rst
 create mode 100644 LUA/xeus-lua-main/docs/source/input.gif
 create mode 100644 LUA/xeus-lua-main/docs/source/installation.rst
 create mode 100644 LUA/xeus-lua-main/docs/source/quantstack-white.svg
 create mode 100644 LUA/xeus-lua-main/docs/source/streams.gif
 create mode 100644 LUA/xeus-lua-main/docs/source/usage.rst
 create mode 100644 LUA/xeus-lua-main/docs/source/widgets.gif
 create mode 100644 LUA/xeus-lua-main/docs/source/xeus-lua.svg
 create mode 100644 LUA/xeus-lua-main/environment-dev.yml
 create mode 100644 LUA/xeus-lua-main/environment.yml
 create mode 100644 LUA/xeus-lua-main/include/xeus-lua/xeus_lua_config.hpp
 create mode 100644 LUA/xeus-lua-main/include/xeus-lua/xinterpreter.hpp
 create mode 100644 LUA/xeus-lua-main/notebooks/Big.Buck.Bunny.mp4
 create mode 100644 LUA/xeus-lua-main/notebooks/game_of_life.ipynb
 create mode 100644 LUA/xeus-lua-main/notebooks/hehe.flac
 create mode 100644 LUA/xeus-lua-main/notebooks/io.ipynb
 create mode 100644 LUA/xeus-lua-main/notebooks/logo.svg
 create mode 100644 LUA/xeus-lua-main/notebooks/marie.png
 create mode 100644 LUA/xeus-lua-main/notebooks/time.ipynb
 create mode 100644 LUA/xeus-lua-main/notebooks/tour.ipynb
 create mode 100644 LUA/xeus-lua-main/notebooks/widgets.ipynb
 create mode 100644 LUA/xeus-lua-main/notebooks/xcanvas.ipynb
 create mode 100644 LUA/xeus-lua-main/notebooks/xeus-lua.ipynb
 create mode 100644 LUA/xeus-lua-main/readthedocs.yml
 create mode 100644 LUA/xeus-lua-main/share/jupyter/kernels/xlua/kernel.json.in
 create mode 100644 LUA/xeus-lua-main/share/jupyter/kernels/xlua/logo-32x32.png
 create mode 100644 LUA/xeus-lua-main/share/jupyter/kernels/xlua/logo-64x64.png
 create mode 100644 LUA/xeus-lua-main/share/jupyter/kernels/xlua/xeus_small.svg
 create mode 100644 LUA/xeus-lua-main/src/main.cpp
 create mode 100644 LUA/xeus-lua-main/src/main_emscripten_kernel.cpp
 create mode 100644 LUA/xeus-lua-main/src/sol/config.hpp
 create mode 100644 LUA/xeus-lua-main/src/sol/sol.hpp
 create mode 100644 LUA/xeus-lua-main/src/xcanvas.cpp
 create mode 100644 LUA/xeus-lua-main/src/xcomplete.cpp
 create mode 100644 LUA/xeus-lua-main/src/xdisplay.cpp
 create mode 100644 LUA/xeus-lua-main/src/xextend.cpp
 create mode 100644 LUA/xeus-lua-main/src/xinterpreter.cpp
 create mode 100644 LUA/xeus-lua-main/src/xio.cpp
 create mode 100644 LUA/xeus-lua-main/src/xjson.cpp
 create mode 100644 LUA/xeus-lua-main/src/xtime.cpp
 create mode 100644 LUA/xeus-lua-main/src/xwidgets.cpp
 create mode 100644 LUA/xeus-lua-main/test/pytest.ini
 create mode 100644 LUA/xeus-lua-main/test/test_xeus_lua_kernel.py
 create mode 100644 LUA/xeus-lua-main/xeus-luaConfig.cmake.in
 create mode 100644 LUA/xeus-lua-notebook.ipynb
(base) jack@jack-Desktop:~/Desktop/SITE/lbry-react$ git push
Username for 'https://github.com': JupyterJones
Password for 'https://JupyterJones@github.com': 
Enumerating objects: 312, done.
Counting objects: 100% (312/312), done.
Delta compression using up to 2 threads
Compressing objects: 100% (280/280), done.
Writing objects: 100% (299/299), 243.65 MiB | 7.33 MiB/s, done.
Total 299 (delta 49), reused 0 (delta 0)
remote: Resolving deltas: 100% (49/49), completed with 10 local objects.
remote: error: Trace: 07e633c8f0f293e7a15ebe3c79d91c31d9ebf63a7ed4f7c31fe64220cb88ea25
remote: error: See http://git.io/iEPt8g for more information.
remote: error: File LUA/BrynMawrCollege/video.mp4 is 213.26 MB; this exceeds GitHub's file size limit of 100.00 MB
remote: error: GH001: Large files detected. You may want to try Git Large File Storage - https://git-lfs.github.com.
To https://github.com/JupyterJones/lbry-react.git
 ! [remote rejected]   main -> main (pre-receive hook declined)
error: failed to push some refs to 'https://github.com/JupyterJones/lbry-react.git'
(base) jack@jack-Desktop:~/Desktop/SITE/lbry-react$ rm LUA/BrynMawrCollege/video.mp4
(base) jack@jack-Desktop:~/Desktop/SITE/lbry-react$ du LUA/BrynMawrCollege/video.mp4
du: cannot access 'LUA/BrynMawrCollege/video.mp4': No such file or directory
(base) jack@jack-Desktop:~/Desktop/SITE/lbry-react$ du LUA
388	LUA/Project Structure — Coding Style_files
1152	LUA/BrynMawrCollege/Divide and Conquer Strategies slides_files
616	LUA/BrynMawrCollege/.ipynb_checkpoints
20036	LUA/BrynMawrCollege
20	LUA/xeus-lua-main/.github/workflows
28	LUA/xeus-lua-main/.github
12	LUA/xeus-lua-main/include/xeus-lua
16	LUA/xeus-lua-main/include
1044	LUA/xeus-lua-main/src/sol
1176	LUA/xeus-lua-main/src
8	LUA/xeus-lua-main/cmake
1092	LUA/xeus-lua-main/notebooks
8	LUA/xeus-lua-main/docs/source/_static
18916	LUA/xeus-lua-main/docs/source
18944	LUA/xeus-lua-main/docs
12	LUA/xeus-lua-main/test
16	LUA/xeus-lua-main/cmake_emscripten
20	LUA/xeus-lua-main/share/jupyter/kernels/xlua
24	LUA/xeus-lua-main/share/jupyter/kernels
28	LUA/xeus-lua-main/share/jupyter
32	LUA/xeus-lua-main/share
21384	LUA/xeus-lua-main
392	LUA/Lua — Coding Style_files
12	LUA/luarocks-MODULES-documentation_files
1096	LUA/char-rnn/data/tinyshakespeare
1100	LUA/char-rnn/data
16	LUA/char-rnn/model
28	LUA/char-rnn/util
262372	LUA/char-rnn/Alice
273032	LUA/char-rnn
60	LUA/Xeus-notebooks/.ipynb_checkpoints
1168	LUA/Xeus-notebooks
48	LUA/.ipynb_checkpoints
316664	LUA
(base) jack@jack-Desktop:~/Desktop/SITE/lbry-react$ git add .
(base) jack@jack-Desktop:~/Desktop/SITE/lbry-react$ git commit -m "update"
[main 747fc127] update
 1 file changed, 0 insertions(+), 0 deletions(-)
 delete mode 100644 LUA/BrynMawrCollege/video.mp4
(base) jack@jack-Desktop:~/Desktop/SITE/lbry-react$ git push
Username for 'https://github.com': JupyterJones
Password for 'https://JupyterJones@github.com': 
Enumerating objects: 316, done.
Counting objects: 100% (316/316), done.
Delta compression using up to 2 threads
Compressing objects: 100% (284/284), done.
Writing objects: 100% (303/303), 243.66 MiB | 7.44 MiB/s, done.
Total 303 (delta 51), reused 0 (delta 0)
remote: Resolving deltas: 100% (51/51), completed with 10 local objects.
remote: error: Trace: a6aa4d47f06befa2cfc6eca0f3268da83e2417cbe7bd0859f1840683dacdcd8f
remote: error: See http://git.io/iEPt8g for more information.
remote: error: File LUA/BrynMawrCollege/video.mp4 is 213.26 MB; this exceeds GitHub's file size limit of 100.00 MB
remote: error: GH001: Large files detected. You may want to try Git Large File Storage - https://git-lfs.github.com.
To https://github.com/JupyterJones/lbry-react.git
 ! [remote rejected]   main -> main (pre-receive hook declined)
error: failed to push some refs to 'https://github.com/JupyterJones/lbry-react.git'
(base) jack@jack-Desktop:~/Desktop/SITE/lbry-react$ ls LUA/BrynMawrCollege/video.mp4
ls: cannot access 'LUA/BrynMawrCollege/video.mp4': No such file or directory
(base) jack@jack-Desktop:~/Desktop/SITE/lbry-react$ git filter-branch --index-filter 'git rm -r --cached --ignore-unmatch 'LUA/BrynMawrCollege/video.mp4' HEAD
> '
WARNING: git-filter-branch has a glut of gotchas generating mangled history
	 rewrites.  Hit Ctrl-C before proceeding to abort, then use an
	 alternative filtering tool such as 'git filter-repo'
	 (https://github.com/newren/git-filter-repo/) instead.  See the
	 filter-branch manual page for more details; to squelch this warning,
	 set FILTER_BRANCH_SQUELCH_WARNING=1.
Proceeding with filter-branch...

Rewrite 3b76cb14c00cb7e89024581c67af12ab8aaf6ac4 (1/63) (0 seconds passed, remaiRewrite 0b1189ac7a04c21e0963e2f4d075b136973f9b6d (2/63) (0 seconds passed, remaiRewrite 0297d20948968652fb03fc18c977a56aec0a11f1 (3/63) (0 seconds passed, remaiRewrite 6f98c83ee561dc19cb96fb85caad8a765cff47a6 (4/63) (1 seconds passed, remaiRewrite 3fa56b3432aa663292e208d440fcd27177e90e32 (4/63) (1 seconds passed, remaiRewrite ec2a6ec7ae4d7a3e34ab0eaad0c59ecfaf4ecc3d (4/63) (1 seconds passed, remaiRewrite f91f638dd283b86f76f950fb92501040857bab5e (4/63) (1 seconds passed, remaiRewrite 863fd645e8f0211e9a0d853ea06f7bf7ad289237 (4/63) (1 seconds passed, remaiRewrite cd5855ea2bbead8b9209c444711e3ede5f8891eb (9/63) (2 seconds passed, remaiRewrite c37b8b6045afaa675edb3fc009886c8407b15c04 (9/63) (2 seconds passed, remaiRewrite b8cf52634bc6d7ce539bc2d44007908d30a1e658 (9/63) (2 seconds passed, remaiRewrite d5487706aed7fd71e7a901ad76ceed14a056491c (9/63) (2 seconds passed, remaiRewrite 6590cd53cbf185e34e9d3dde90bd1c91cbf98ff4 (9/63) (2 seconds passed, remaiRewrite 59ed1c2cb36bb67c0c022891d406e1b9358f5d8a (14/63) (3 seconds passed, remaRewrite 51311b493642289c429966eb746c7ef7a4a8ac83 (14/63) (3 seconds passed, remaRewrite ae13a00143b85f46131539c8bfcd0e04a6bbada9 (14/63) (3 seconds passed, remaRewrite 5b3a7e4b5ca6fff091a20569ee08edb984541994 (14/63) (3 seconds passed, remaRewrite f0dc8e576f042669e7c303aac9319e5cf97f8e21 (14/63) (3 seconds passed, remaRewrite 0c55bbf35ab9a5bb81293d1d59deb79367bc60c6 (19/63) (3 seconds passed, remaRewrite b66181666477bb992107a847997788fd89426d43 (19/63) (3 seconds passed, remaRewrite b7e210eba5b48aa009bb2a06d03d563e18df88da (19/63) (3 seconds passed, remaRewrite 8511bd20e7052eb7cc722240e12d5a369d4e07bf (19/63) (3 seconds passed, remaRewrite 1c96665056b18821d2dd64ac30f697570c561ddf (19/63) (3 seconds passed, remaRewrite e04032fefbc43825e7af69154d99a19b4cffd59f (19/63) (3 seconds passed, remaRewrite f9c0f494d597ab80d33942e4741e293b9d44d86a (19/63) (3 seconds passed, remaRewrite e80b1f0a3dadd418e10b22fad7085ee4027d49d8 (26/63) (3 seconds passed, remaRewrite 4ec28f12c2692edc4899992b041d39315498ee7d (26/63) (3 seconds passed, remaRewrite 666bd164c6b843356f1be9f709f5b610b4b8cf5f (26/63) (3 seconds passed, remaRewrite 2f7acec4cfe739e53c67cb2bccad3af0c9f6588b (26/63) (3 seconds passed, remaRewrite 877a3cee7f65363199b9e95b40c89554089f4a95 (26/63) (3 seconds passed, remaRewrite 6203c07de4b42e17316ae31cd2d3e7a00a4910b1 (26/63) (3 seconds passed, remaRewrite ea2030014663fa6b3c1f924c11ce43730f40196e (26/63) (3 seconds passed, remaRewrite 963d4ef4b151ebee45530ff1779a2e8c001e1332 (26/63) (3 seconds passed, remaRewrite 44d99e6267691fd344ca0d071fdb7e6ef7612569 (26/63) (3 seconds passed, remaRewrite 6fa5738603f28619afed1786496e649b02e8db83 (35/63) (4 seconds passed, remaRewrite 97f63e3476e8bf952690e2cbf56e9aeb58a29d45 (35/63) (4 seconds passed, remaRewrite 9b4b5bbd8d8d76e198b24e9fa0f2e93944a7826f (35/63) (4 seconds passed, remaRewrite 7899e8cdc8b6fe245dd6c2088bfcb5c79dcbb181 (35/63) (4 seconds passed, remaRewrite c29a771963d697b01cd5d398886d3ec67b75c577 (35/63) (4 seconds passed, remaRewrite 45903947462ec2174bae73c30fdbc0aa061c61e7 (35/63) (4 seconds passed, remaRewrite c6a9abe6ce6cfda457ba9a490d373400d7906444 (35/63) (4 seconds passed, remaRewrite 5e6f03291c752c71a289bdf9b634ebac824d278a (35/63) (4 seconds passed, remaRewrite f73d8cde3a9977647ecf217bbf5a3ba51ab97708 (35/63) (4 seconds passed, remaRewrite d1c7c0700bebcb0194456dacf2ae2d1dde49c685 (44/63) (4 seconds passed, remaRewrite 8039d2524c96636251ab5aa1962796b573c05c50 (44/63) (4 seconds passed, remaRewrite 6b2cd35dbd5b6e625409fbfdf69b4889beb5c155 (44/63) (4 seconds passed, remaRewrite 02728a92a0593943cd8080f7deada46130a88b0d (44/63) (4 seconds passed, remaRewrite 1254f366e05e692e6921d7afc5c7044c0427536f (44/63) (4 seconds passed, remaRewrite ecec7b111d1aa72f2ed62728a3e5d12425ac5c23 (44/63) (4 seconds passed, remaRewrite 1ae9a57f68d4ff661029d6e5f7dfb8932db4f4d4 (44/63) (4 seconds passed, remaRewrite 4af0235209175cca95a3455a14a67a1b144913fc (44/63) (4 seconds passed, remaRewrite c74662b29d7dad9dc754aa410c71fba3f750b70f (44/63) (4 seconds passed, remaRewrite 427e6bc3fafa9953190564c744f7a7f1ea92085b (44/63) (4 seconds passed, remaRewrite 1d97a5e58684bee7f483d65d28ae9d0af75bf58e (44/63) (4 seconds passed, remaRewrite af0f120c6416d141016d9669ef1e0a768f23ecdc (44/63) (4 seconds passed, remaRewrite f02fa2e36b287f78ee0bcec2c6c8611bab22d1dc (56/63) (5 seconds passed, remaRewrite aac945e304ee9c308f72f33ec9aad7ea099ebd82 (56/63) (5 seconds passed, remaRewrite b8bb99f7994d403bd57a53375ef76c1ef2d56a8b (56/63) (5 seconds passed, remaRewrite d88f333eb43452353d670b6950ee6eba8c20f32e (56/63) (5 seconds passed, remaRewrite 62926ea357df26950bef99a873fd3acc8b4c9fc5 (56/63) (5 seconds passed, remaRewrite b3eb01e5fd1bd423820ec4696ac20cc251521a00 (56/63) (5 seconds passed, remaRewrite 367bcc825fde81c1954619b841479808b9f6de39 (56/63) (5 seconds passed, remaining 0 predicted)    rm 'LUA/BrynMawrCollege/video.mp4'
Rewrite 747fc1270c187503eacefe1156fe8ba99e157153 (56/63) (5 seconds passed, remaining 0 predicted)    
Ref 'refs/heads/main' was rewritten
(base) jack@jack-Desktop:~/Desktop/SITE/lbry-react$ git add .
(base) jack@jack-Desktop:~/Desktop/SITE/lbry-react$ git commit -m "update"
On branch main
Your branch and 'origin/main' have diverged,
and have 63 and 61 different commits each, respectively.
  (use "git pull" to merge the remote branch into yours)

nothing to commit, working tree clean
(base) jack@jack-Desktop:~/Desktop/SITE/lbry-react$ git push
Username for 'https://github.com': JupyterJones
Password for 'https://JupyterJones@github.com': 
To https://github.com/JupyterJones/lbry-react.git
 ! [rejected]          main -> main (non-fast-forward)
error: failed to push some refs to 'https://github.com/JupyterJones/lbry-react.git'
hint: Updates were rejected because the tip of your current branch is behind
hint: its remote counterpart. Integrate the remote changes (e.g.
hint: 'git pull ...') before pushing again.
hint: See the 'Note about fast-forwards' in 'git push --help' for details.
(base) jack@jack-Desktop:~/Desktop/SITE/lbry-react$ git pull
fatal: refusing to merge unrelated histories
(base) jack@jack-Desktop:~/Desktop/SITE/lbry-react$ git pull --allow-unrelated-histories
warning: Cannot merge binary files: Fsharp/MyApp/obj/Debug/net6.0/MyApp.assets.cache (HEAD vs. b3eb01e5fd1bd423820ec4696ac20cc251521a00)
CONFLICT (add/add): Merge conflict in index.html
Auto-merging index.html
CONFLICT (add/add): Merge conflict in TKINTER/index.html
Auto-merging TKINTER/index.html
CONFLICT (add/add): Merge conflict in NODEJS/index.html
Auto-merging NODEJS/index.html
CONFLICT (add/add): Merge conflict in Fsharp/MyApp/obj/Debug/net6.0/MyApp.assets.cache
Auto-merging Fsharp/MyApp/obj/Debug/net6.0/MyApp.assets.cache
CONFLICT (add/add): Merge conflict in Fsharp/MyApp/obj/Debug/net6.0/MyApp.GeneratedMSBuildEditorConfig.editorconfig
Auto-merging Fsharp/MyApp/obj/Debug/net6.0/MyApp.GeneratedMSBuildEditorConfig.editorconfig
Automatic merge failed; fix conflicts and then commit the result.
(base) jack@jack-Desktop:~/Desktop/SITE/lbry-react$ git pull --allow-unrelated-histories
error: Pulling is not possible because you have unmerged files.
hint: Fix them up in the work tree, and then use 'git add/rm <file>'
hint: as appropriate to mark resolution and make a commit.
fatal: Exiting because of an unresolved conflict.
(base) jack@jack-Desktop:~/Desktop/SITE/lbry-react$ ls Fsharp/MyApp/obj/Debug/net6.0/MyApp.assets.cache
Fsharp/MyApp/obj/Debug/net6.0/MyApp.assets.cache
(base) jack@jack-Desktop:~/Desktop/SITE/lbry-react$ rm Fsharp/MyApp/obj/Debug/net6.0/MyApp.assets.cache
(base) jack@jack-Desktop:~/Desktop/SITE/lbry-react$ git rm Fsharp/MyApp/obj/Debug/net6.0/MyApp.assets.cache
rm 'Fsharp/MyApp/obj/Debug/net6.0/MyApp.assets.cache'
(base) jack@jack-Desktop:~/Desktop/SITE/lbry-react$ git pull --allow-unrelated-histories
error: Pulling is not possible because you have unmerged files.
hint: Fix them up in the work tree, and then use 'git add/rm <file>'
hint: as appropriate to mark resolution and make a commit.
fatal: Exiting because of an unresolved conflict.
(base) jack@jack-Desktop:~/Desktop/SITE/lbry-react$ git add .
(base) jack@jack-Desktop:~/Desktop/SITE/lbry-react$ git commit -m "update"
[main bce992ce] update
(base) jack@jack-Desktop:~/Desktop/SITE/lbry-react$ git push 
Username for 'https://github.com': JupyterJones
Password for 'https://JupyterJones@github.com': 
Enumerating objects: 39537, done.
Counting objects: 100% (39537/39537), done.
Delta compression using up to 2 threads
Compressing objects: 100% (30156/30156), done.
Writing objects: 100% (39500/39500), 553.82 MiB | 10.55 MiB/s, done.
Total 39500 (delta 7858), reused 39062 (delta 7746)
remote: Resolving deltas: 100% (7858/7858), completed with 24 local objects.
remote: warning: See http://git.io/iEPt8g for more information.
remote: warning: File FFMPEG/shotcut-linux-x86_64-220425.txz is 72.12 MB; this is larger than GitHub's recommended maximum file size of 50.00 MB
remote: warning: File node_modules/.cache/default-development/0.pack is 51.58 MB; this is larger than GitHub's recommended maximum file size of 50.00 MB
remote: warning: File node_modules/.cache/default-development/0.pack is 51.56 MB; this is larger than GitHub's recommended maximum file size of 50.00 MB
remote: warning: File docs/DOCKER/butterflow/butteredlargslow.mp4 is 54.16 MB; this is larger than GitHub's recommended maximum file size of 50.00 MB
remote: warning: File DOCKER/adiiiDocker.mp4 is 95.25 MB; this is larger than GitHub's recommended maximum file size of 50.00 MB
remote: warning: GH001: Large files detected. You may want to try Git Large File Storage - https://git-lfs.github.com.
To https://github.com/JupyterJones/lbry-react.git
   b3eb01e5..bce992ce  main -> main
(base) jack@jack-Desktop:~/Desktop/SITE/lbry-react$ rm docs/DOCKER/butterflow/butteredlargslow.mp4
rm: cannot remove 'docs/DOCKER/butterflow/butteredlargslow.mp4': No such file or directory
(base) jack@jack-Desktop:~/Desktop/SITE/lbry-react$ DOCKER/butterflow/butteredlargslow.mp4
bash: DOCKER/butterflow/butteredlargslow.mp4: No such file or directory
(base) jack@jack-Desktop:~/Desktop/SITE/lbry-react$ git rm docs/DOCKER/butterflow/butteredlargslow.mp4
fatal: pathspec 'docs/DOCKER/butterflow/butteredlargslow.mp4' did not match any files
(base) jack@jack-Desktop:~/Desktop/SITE/lbry-react$ git push 
Username for 'https://github.com': JupyterJones
Password for 'https://JupyterJones@github.com': 
Everything up-to-date
(base) jack@jack-Desktop:~/Desktop/SITE/lbry-react$ git add .
(base) jack@jack-Desktop:~/Desktop/SITE/lbry-react$ git commit -m "update"
[main 736f7704] update
 94 files changed, 129 insertions(+), 98064 deletions(-)
 delete mode 100644 LUA/BrynMawrCollege/.ipynb_checkpoints/Animations in Matplotlib-checkpoint.ipynb
 delete mode 100644 LUA/BrynMawrCollege/Activity Magic.ipynb
 delete mode 100644 LUA/BrynMawrCollege/Animations in Matplotlib.ipynb
 delete mode 100644 LUA/BrynMawrCollege/Assignment1F2015.pptx
 delete mode 100644 LUA/BrynMawrCollege/Bouncing Ball to Angry Birds.ipynb
 delete mode 100644 LUA/BrynMawrCollege/Calico Document Tools and Bibtex.ipynb
 delete mode 100644 LUA/BrynMawrCollege/Canvas Experiments.ipynb
 delete mode 100644 LUA/BrynMawrCollege/Dec8.ipynb
 delete mode 100644 LUA/BrynMawrCollege/Divide and Conquer Strategies slides.html
 delete mode 100644 LUA/BrynMawrCollege/Divide and Conquer Strategies slides_files/MathJax.js
 delete mode 100644 LUA/BrynMawrCollege/Divide and Conquer Strategies slides_files/custom.html
 delete mode 100644 LUA/BrynMawrCollege/Divide and Conquer Strategies slides_files/font-awesome.css
 delete mode 100644 LUA/BrynMawrCollege/Divide and Conquer Strategies slides_files/head.js
 delete mode 100644 LUA/BrynMawrCollege/Divide and Conquer Strategies slides_files/jquery.js
 delete mode 100644 LUA/BrynMawrCollege/Divide and Conquer Strategies slides_files/notes.js
 delete mode 100644 LUA/BrynMawrCollege/Divide and Conquer Strategies slides_files/processing.js
 delete mode 100644 LUA/BrynMawrCollege/Divide and Conquer Strategies slides_files/require.js
 delete mode 100644 LUA/BrynMawrCollege/Divide and Conquer Strategies slides_files/reveal.css
 delete mode 100644 LUA/BrynMawrCollege/Divide and Conquer Strategies slides_files/reveal.js
 delete mode 100644 LUA/BrynMawrCollege/Divide and Conquer Strategies slides_files/simple.css
 delete mode 100644 LUA/BrynMawrCollege/Dot Test.ipynb
 delete mode 100644 LUA/BrynMawrCollege/Ebola Outbreak 2014.ipynb
 delete mode 100644 LUA/BrynMawrCollege/Experiments with Squares.ipynb
 delete mode 100644 LUA/BrynMawrCollege/Figure Numbers.ipynb
 delete mode 100644 LUA/BrynMawrCollege/Figure Numbers.ipynb.raw
 delete mode 100644 LUA/BrynMawrCollege/First Sketches.ipynb
 delete mode 100644 LUA/BrynMawrCollege/Google Chart in Eval and Python.ipynb
 delete mode 100644 LUA/BrynMawrCollege/Google Chart in Scheme.ipynb
 delete mode 100644 LUA/BrynMawrCollege/Graphics Testing.ipynb
 delete mode 100644 LUA/BrynMawrCollege/HC JupyterHub Dicussion.ipynb
 delete mode 100644 LUA/BrynMawrCollege/HourOfCodePlusPlus.ipynb
 delete mode 100644 LUA/BrynMawrCollege/How To Give a Great Talk.ipynb
 delete mode 100644 LUA/BrynMawrCollege/In class Activity Sep 7.ipynb
 delete mode 100644 LUA/BrynMawrCollege/JavaArraysAndSorting.ipynb
 delete mode 100644 LUA/BrynMawrCollege/Javascript P5 Tests.ipynb
 delete mode 100644 LUA/BrynMawrCollege/Jupyter Help.ipynb
 delete mode 100644 LUA/BrynMawrCollege/Jupyter Magics.ipynb
 delete mode 100644 LUA/BrynMawrCollege/Jupyter Notebook Users Manual.ipynb
 delete mode 100644 LUA/BrynMawrCollege/Jupyter Notebooks.ipynb
 delete mode 100644 LUA/BrynMawrCollege/Jupyter Visualizations.ipynb
 delete mode 100644 LUA/BrynMawrCollege/KerasActFuns.ipynb
 delete mode 100644 LUA/BrynMawrCollege/Laura's Foot.ipynb
 delete mode 100644 LUA/BrynMawrCollege/Learning in Noise.ipynb
 delete mode 100644 LUA/BrynMawrCollege/Lookup with dicts.ipynb
 delete mode 100644 LUA/BrynMawrCollege/Mathematical Functions.ipynb
 delete mode 100644 LUA/BrynMawrCollege/Network Layering.ipynb
 delete mode 100644 LUA/BrynMawrCollege/Nim Tests.ipynb
 delete mode 100644 LUA/BrynMawrCollege/Object Oriented Programming.ipynb
 delete mode 100644 LUA/BrynMawrCollege/Online Python Tutor.ipynb
 delete mode 100644 LUA/BrynMawrCollege/P5 Exploration.ipynb
 delete mode 100644 LUA/BrynMawrCollege/Parameterized Drawing.ipynb
 delete mode 100644 LUA/BrynMawrCollege/Photoshop-like Functions.ipynb
 delete mode 100644 LUA/BrynMawrCollege/Plot Results.ipynb
 delete mode 100644 LUA/BrynMawrCollege/Presidential Forecast.ipynb
 delete mode 100644 LUA/BrynMawrCollege/Quantum Visualization.ipynb
 delete mode 100644 LUA/BrynMawrCollege/Recurrent Neural Networks with Word Embeddings.ipynb
 delete mode 100644 LUA/BrynMawrCollege/Robot Control.ipynb
 delete mode 100644 LUA/BrynMawrCollege/Skulpt Processing Tests, Color.ipynb
 delete mode 100644 LUA/BrynMawrCollege/Skulpt Processing Tests, ProcessingPy.ipynb
 delete mode 100644 LUA/BrynMawrCollege/Skulpt Processing Tests, Shape.ipynb
 delete mode 100644 LUA/BrynMawrCollege/Skulpt Python Examples.ipynb
 delete mode 100644 LUA/BrynMawrCollege/Sonification.ipynb
 delete mode 100644 LUA/BrynMawrCollege/Sound Processing.ipynb
 delete mode 100644 LUA/BrynMawrCollege/Start with Evolution.ipynb
 delete mode 100644 LUA/BrynMawrCollege/State of Mind.ipynb
 delete mode 100644 LUA/BrynMawrCollege/TellingStoriesWithJupyter.ipynb
 delete mode 100644 LUA/BrynMawrCollege/Testing P5 in Javascript.ipynb
 delete mode 100644 LUA/BrynMawrCollege/Thermometer Encoding.ipynb
 delete mode 100644 LUA/BrynMawrCollege/Untitled.ipynb
 delete mode 100644 LUA/BrynMawrCollege/Untitled1.ipynb
 delete mode 100644 LUA/BrynMawrCollege/Untitled21.ipynb
 delete mode 100644 LUA/BrynMawrCollege/Vertexes, Shapes, and Rotation.ipynb
 delete mode 100644 LUA/BrynMawrCollege/Visualization.ipynb
 delete mode 100644 LUA/BrynMawrCollege/Widget Tests.ipynb
 delete mode 100644 LUA/BrynMawrCollege/XOR with Theano.ipynb
 delete mode 100644 LUA/BrynMawrCollege/arrete_toute_de_suite.mpga
 delete mode 100644 LUA/BrynMawrCollege/background_3.jpg
 delete mode 100644 LUA/BrynMawrCollege/bot1.svg
 delete mode 100644 LUA/BrynMawrCollege/dblank.html
 delete mode 100644 LUA/BrynMawrCollege/double_pendulum.mp4
 delete mode 100644 LUA/BrynMawrCollege/drawLeaf.ipynb
 delete mode 100644 LUA/BrynMawrCollege/example.html
 delete mode 100644 LUA/BrynMawrCollege/jupyter.cs.html
 delete mode 100644 LUA/BrynMawrCollege/nasa climate data four.csv
 delete mode 100644 LUA/BrynMawrCollege/nbgrader_template.ipynb
 delete mode 100644 LUA/BrynMawrCollege/notebook-slideshow-example.ipynb
 delete mode 100644 LUA/BrynMawrCollege/pixels.html
 delete mode 100644 LUA/BrynMawrCollege/pixels.xml
 delete mode 100644 LUA/BrynMawrCollege/qimessaging.js
 delete mode 100644 LUA/BrynMawrCollege/sine_wave.gif
 delete mode 100644 LUA/BrynMawrCollege/untitled.txt
 delete mode 100644 LUA/BrynMawrCollege/visualize.py
 copy {TKINTER => NODEJS}/index.html (67%)
 rewrite TKINTER/index.html (81%)
(base) jack@jack-Desktop:~/Desktop/SITE/lbry-react$ git push 
Username for 'https://github.com': JupyterJones
Password for 'https://JupyterJones@github.com': 
Enumerating objects: 13, done.
Counting objects: 100% (13/13), done.
Delta compression using up to 2 threads
Compressing objects: 100% (6/6), done.
Writing objects: 100% (7/7), 913 bytes | 913.00 KiB/s, done.
Total 7 (delta 5), reused 0 (delta 0)
remote: Resolving deltas: 100% (5/5), completed with 4 local objects.
To https://github.com/JupyterJones/lbry-react.git
   bce992ce..736f7704  main -> main
